// Jest Snapshot v1, https://goo.gl/fbAQLP

exports[`renders correctly Flag 1`] = `
<div>
  <div
    class="container-flag"
  >
    <div
      class="flag"
    >
      Flag
    </div>
    <img
      alt=""
      class="flag-img"
      src=""
    />
    <div
      class="coat-of-arms"
    >
      Coat of arms
    </div>
    <img
      alt=""
      class="coat-of-arms-img"
      src=""
    />
  </div>
  <div
    id="portal"
  />
</div>
`;
