// Jest Snapshot v1, https://goo.gl/fbAQLP

exports[`renders correctly Modal 1`] = `
<div>
  <div
    id="portal"
  />
</div>
`;
